▶︎ スタート: 2026-03-09 11:21:15
■ ゴール　: 2026-03-09 12:42:45
----------------------------------------
▶︎ スタート: 2026-03-09 18:02:10
■ ゴール　: 2026-03-09 19:08:42
----------------------------------------
▶︎ スタート: 2026-03-13 11:27:24
■ ゴール　: 2026-03-13 12:34:04
----------------------------------------
▶︎ スタート: 2026-03-14 06:00:01
■ ゴール　: 2026-03-14 07:12:20
----------------------------------------
▶︎ スタート: 2026-03-15 06:00:00
■ ゴール　: 2026-03-15 07:18:58
----------------------------------------
▶︎ スタート: 2026-03-16 06:00:00
■ ゴール　: 2026-03-16 07:15:23
----------------------------------------
▶︎ スタート: 2026-03-17 06:00:00
■ ゴール　: 2026-03-17 07:22:42
----------------------------------------
▶︎ スタート: 2026-03-18 06:00:01
■ ゴール　: 2026-03-18 07:16:37
----------------------------------------
▶︎ スタート: 2026-03-19 06:00:00
■ ゴール　: 2026-03-19 07:14:55
----------------------------------------
▶︎ スタート: 2026-03-20 06:00:00
■ ゴール　: 2026-03-20 07:15:01
----------------------------------------
▶︎ スタート: 2026-03-21 06:00:01
■ ゴール　: 2026-03-21 07:16:03
----------------------------------------
▶︎ スタート: 2026-03-22 06:00:00
■ ゴール　: 2026-03-22 07:16:01
----------------------------------------
▶︎ スタート: 2026-03-23 06:00:00
■ ゴール　: 2026-03-23 07:18:25
----------------------------------------
▶︎ スタート: 2026-03-24 06:00:01
■ ゴール　: 2026-03-24 07:16:19
----------------------------------------
▶︎ スタート: 2026-03-25 06:00:01
■ ゴール　: 2026-03-25 07:09:36
----------------------------------------
▶︎ スタート: 2026-03-26 06:00:00
■ ゴール　: 2026-03-26 07:17:58
----------------------------------------
▶︎ スタート: 2026-03-27 06:00:00
■ ゴール　: 2026-03-27 07:13:05
----------------------------------------
▶︎ スタート: 2026-03-28 06:00:01
■ ゴール　: 2026-03-28 07:15:09
----------------------------------------
▶︎ スタート: 2026-03-29 06:00:00
■ ゴール　: 2026-03-29 07:15:18
----------------------------------------
▶︎ スタート: 2026-03-30 06:00:00
■ ゴール　: 2026-03-30 07:17:16
----------------------------------------
▶︎ スタート: 2026-03-31 06:00:00
■ ゴール　: 2026-03-31 07:16:44
----------------------------------------
▶︎ スタート: 2026-04-01 06:00:00
■ ゴール　: 2026-04-01 07:19:29
----------------------------------------
▶︎ スタート: 2026-04-02 06:00:00
■ ゴール　: 2026-04-02 07:19:27
----------------------------------------
▶︎ スタート: 2026-04-03 06:00:01
■ ゴール　: 2026-04-03 07:18:53
----------------------------------------
▶︎ スタート: 2026-04-03 15:39:56
■ ゴール　: 2026-04-03 15:39:57
----------------------------------------
▶︎ スタート: 2026-04-03 15:40:05
■ ゴール　: 2026-04-03 15:40:06
----------------------------------------
▶︎ スタート: 2026-04-03 15:41:14
■ ゴール　: 2026-04-03 15:41:15
----------------------------------------
▶︎ スタート: 2026-04-03 15:44:26
■ ゴール: 2026-04-03 15:44:28
▶︎ スタート: 2026-04-03 15:49:05
■ ゴール: 2026-04-03 16:57:42
▶︎ スタート: 2026-04-04 06:00:01
■ ゴール: 2026-04-04 07:11:37
▶︎ スタート: 2026-04-05 06:00:01
■ ゴール: 2026-04-05 07:13:37
▶︎ 送信実行: 2026-04-05 11:15:09
▶︎ スタート: 2026-04-05 14:52:28
■ ゴール: 2026-04-05 16:06:55
▶︎ スタート: 2026-04-06 06:00:01
■ ゴール: 2026-04-06 07:09:01
▶︎ スタート: 2026-04-07 06:00:00
■ ゴール: 2026-04-07 07:30:24
▶︎ スタート: 2026-04-08 06:00:00
■ ゴール: 2026-04-08 07:01:18
▶︎ スタート: 2026-04-09 06:00:00
■ ゴール: 2026-04-09 07:03:20
▶︎ スタート: 2026-04-10 06:00:01
■ ゴール: 2026-04-10 07:08:40
▶︎ スタート: 2026-04-11 06:00:00
■ ゴール: 2026-04-11 07:06:42
▶︎ スタート: 2026-04-12 06:00:00
■ ゴール: 2026-04-12 07:05:50
▶︎ スタート: 2026-04-13 06:00:00
■ ゴール: 2026-04-13 07:02:55
▶︎ スタート: 2026-04-14 06:00:00
■ ゴール: 2026-04-14 07:03:25
▶︎ スタート: 2026-04-15 06:00:00
■ ゴール: 2026-04-15 07:08:09
▶︎ スタート: 2026-04-16 06:00:01
■ ゴール: 2026-04-16 07:04:56
▶︎ スタート: 2026-04-16 11:01:40
■ ゴール: 2026-04-16 12:21:02
▶︎ スタート: 2026-04-17 06:00:00
■ ゴール: 2026-04-17 07:03:48
▶︎ スタート: 2026-04-18 06:00:01
■ ゴール: 2026-04-18 07:03:53
▶︎ スタート: 2026-04-19 06:00:00
■ ゴール: 2026-04-19 07:05:40
▶︎ スタート: 2026-04-20 06:00:00
■ ゴール: 2026-04-20 07:04:38
▶︎ スタート: 2026-04-21 06:00:00
■ ゴール: 2026-04-21 07:05:53
▶︎ スタート: 2026-04-22 06:00:00
■ ゴール: 2026-04-22 07:06:35
▶︎ スタート: 2026-04-23 06:00:00
■ ゴール: 2026-04-23 07:06:52
▶︎ スタート: 2026-04-24 06:00:01
■ ゴール: 2026-04-24 07:08:27
▶︎ スタート: 2026-04-25 06:00:01
■ ゴール: 2026-04-25 07:04:10
▶︎ スタート: 2026-04-26 06:00:01
■ ゴール: 2026-04-26 07:09:00
▶︎ スタート: 2026-04-27 06:00:00
■ ゴール: 2026-04-27 07:06:20
▶︎ スタート: 2026-04-28 06:00:00
■ ゴール: 2026-04-28 07:08:25
▶︎ スタート: 2026-04-29 06:00:00
■ ゴール: 2026-04-29 07:07:37
▶︎ スタート: 2026-04-30 06:00:00
■ ゴール: 2026-04-30 07:11:34
▶︎ スタート: 2026-05-01 06:00:00
■ ゴール: 2026-05-01 07:07:05
